// Jest Snapshot v1, https://goo.gl/fbAQLP

exports[`<DeviceSummary /> should show details about the given device 1`] = `
<DocumentFragment>
  .c0 {
  display: -webkit-box;
  display: -webkit-flex;
  display: -ms-flexbox;
  display: flex;
  -webkit-flex-direction: column;
  -ms-flex-direction: column;
  flex-direction: column;
  -webkit-box-pack: center;
  -webkit-justify-content: center;
  -ms-flex-pack: center;
  justify-content: center;
  -webkit-align-items: center;
  -webkit-box-align: center;
  -ms-flex-align: center;
  align-items: center;
}

<div
    class="ant-space ant-space-vertical"
    style="width: 100%;"
  >
    <div
      class="ant-space-item"
      style="margin-bottom: 24px;"
    >
      <div
        class="c0"
      >
        <span
          aria-label="usb"
          class="anticon anticon-usb"
          role="img"
          style="font-size: 60px; margin-bottom: 8px;"
        >
          <svg
            aria-hidden="true"
            data-icon="usb"
            fill="currentColor"
            focusable="false"
            height="1em"
            viewBox="64 64 896 896"
            width="1em"
          >
            <path
              d="M760 432V144c0-17.7-14.3-32-32-32H296c-17.7 0-32 14.3-32 32v288c-66.2 0-120 52.1-120 116v356c0 4.4 3.6 8 8 8h56c4.4 0 8-3.6 8-8V548c0-24.3 21.6-44 48.1-44h495.8c26.5 0 48.1 19.7 48.1 44v356c0 4.4 3.6 8 8 8h56c4.4 0 8-3.6 8-8V548c0-63.9-53.8-116-120-116zm-424 0V184h352v248H336zm120-184h-48c-4.4 0-8 3.6-8 8v48c0 4.4 3.6 8 8 8h48c4.4 0 8-3.6 8-8v-48c0-4.4-3.6-8-8-8zm160 0h-48c-4.4 0-8 3.6-8 8v48c0 4.4 3.6 8 8 8h48c4.4 0 8-3.6 8-8v-48c0-4.4-3.6-8-8-8z"
            />
          </svg>
        </span>
      </div>
    </div>
    <div
      class="ant-space-item"
    >
      <div
        class="c0"
      >
        <h5
          class="ant-typography"
          style="text-align: center;"
        >
          STEM32 Bootloader 2
        </h5>
        <div>
          <span
            class="ant-typography ant-typography-secondary"
            style="text-align: center;"
          >
            375897983475
          </span>
        </div>
        <div>
          <span
            class="ant-typography ant-typography-secondary"
            style="text-align: center;"
          >
            0x3453:0x4358
          </span>
        </div>
      </div>
    </div>
  </div>
  )
</DocumentFragment>
`;

exports[`<DeviceSummary /> should show loading skeleton before displaying device text 1`] = `
"Snapshot Diff:
- First value
+ Second value

@@ -34,27 +34,33 @@
      </div>
      <div
        class=\\"ant-space-item\\"
      >
        <div
-         class=\\"ant-skeleton ant-skeleton-active\\"
+         class=\\"sc-bdvvtL crZnOr\\"
        >
-         <div
-           class=\\"ant-skeleton-content\\"
+         <h5
+           class=\\"ant-typography\\"
+           style=\\"text-align: center;\\"
          >
-           <h3
-             class=\\"ant-skeleton-title\\"
-             style=\\"width: 38%;\\"
-           />
-           <ul
-             class=\\"ant-skeleton-paragraph\\"
+           STEM32 Bootloader 2
+         </h5>
+         <div>
+           <span
+             class=\\"ant-typography ant-typography-secondary\\"
+             style=\\"text-align: center;\\"
            >
-             <li />
-             <li
-               style=\\"width: 61%;\\"
-             />
-           </ul>
+             375897983475
+           </span>
+         </div>
+         <div>
+           <span
+             class=\\"ant-typography ant-typography-secondary\\"
+             style=\\"text-align: center;\\"
+           >
+             0x3453:0x4358
+           </span>
          </div>
        </div>
      </div>
    </div>
    )"
`;
